// Jest Snapshot v1, https://goo.gl/fbAQLP

exports[`App should match snapshot 1`] = `
<DocumentFragment>
  <div
    class="bg-gray-500"
  >
    <div
      class="container"
    >
      <div
        class="flex items-center justify-center min-h-screen p-4"
      >
        <div
          class="w-full max-w-4xl overflow-hidden bg-white divide-y divide-gray-200 rounded-lg shadow"
        >
          <header
            class="flex items-center justify-between px-4 py-5 sm:px-6"
          >
            <h1
              class="font-mono text-xl font-bold tracking-wider uppercase"
            >
              Andy's Forecast
            </h1>
            <div
              class="w-full max-w-lg lg:max-w-xs"
            >
              <label
                class="sr-only"
                for="search"
              >
                Search
              </label>
              <div
                class="relative"
              >
                <div
                  class="absolute inset-y-0 left-0 flex items-center pl-3 pointer-events-none"
                >
                  <svg
                    class="w-5 h-5 text-gray-400"
                    data-testid="LocationSearch_ICON"
                  >
                    search.svg
                  </svg>
                </div>
                <input
                  class="block w-full py-2 pl-10 pr-3 leading-5 placeholder-gray-500 bg-white border border-gray-300 rounded-md focus:outline-none focus:placeholder-gray-400 focus:ring-1 focus:ring-indigo-500 focus:border-indigo-500 sm:text-sm"
                  data-testid="LocationSearch_INPUT"
                  id="search"
                  name="search"
                  placeholder="City name"
                  type="search"
                />
              </div>
            </div>
          </header>
          <div
            class="px-4 py-5 sm:p-6"
          >
            <div
              class="mb-4"
            >
              <div
                class="bg-indigo-200 text-indigo-600 shadow px-4 py-5 sm:px-6 rounded-lg"
              >
                Detected location: Ho Chi Minh City from ip 113.185.78.133
              </div>
            </div>
            <div
              class="px-4 py-5 rounded-lg shadow bg-gradient-to-br sm:bg-gradient-to-r from-indigo-600 to-blue-500 sm:px-6"
            >
              <div
                class="flex flex-wrap items-center justify-center sm:justify-between"
              >
                <div
                  class="flex-1 text-white md:pr-6"
                >
                  <h2
                    class="text-lg font-semibold sm:text-xl"
                    data-testid="ForecastCard_TITLE"
                  >
                    Ho Chi Minh City Weather
                  </h2>
                  <p
                    class="text-base text-gray-100 sm:text-lg"
                  >
                    <span
                      data-testid="ForecastCard_WEEK_DAY"
                    >
                      Friday
                    </span>
                     - 
                    <span
                      data-testid="ForecastCard_DATE"
                    >
                      2021-01-01
                    </span>
                  </p>
                  <p
                    class="font-bold uppercase text-7xl sm:text-9xl"
                  >
                    <span
                      data-testid="ForecastCard_THE_TEMP"
                    >
                      28
                    </span>
                    °
                  </p>
                  <p
                    class="text-xl font-semibold text-gray-100 sm:text-2xl"
                  >
                    <span
                      data-testid="ForecastCard_MIN_TEMP"
                    >
                      21
                    </span>
                    ° ⇄ 
                    <span
                      data-testid="ForecastCard_MAX_TEMP"
                    >
                      29
                    </span>
                    °
                  </p>
                </div>
                <img
                  alt="Heavy Cloud icon"
                  class="w-20 h-20 mt-6 sm:w-40 sm:h-40 sm:mt-0 animate-pulse"
                  data-testid="ForecastCard_IMAGE"
                  src="/static/images/weather/hc.svg"
                  title="Heavy Cloud"
                />
              </div>
            </div>
            <div
              class="mt-6"
            >
              <div
                class="flex flex-wrap items-center justify-between -m-2"
              >
                <div
                  class="p-2"
                  data-testid="ForecastList_ITEM"
                >
                  <button
                    class="flex-1 p-4 rounded-lg shadow bg-gradient-to-r from-indigo-500 to-blue-400 hover:from-indigo-400 hover:to-blue-300 focus:from-indigo-400 focus: focus:to-blue-300 focus:ring-4 focus:ring-indigo-200 focus:outline-none"
                    data-testid="ForecastItem_BUTTON"
                    type="button"
                  >
                    <div
                      class="flex flex-col items-center justify-center text-white"
                    >
                      <p
                        class="font-semibold text-gray-100"
                        data-testid="ForecastItem_WEEK_DAY"
                      >
                        Friday
                      </p>
                      <p
                        class="text-xs text-gray-200"
                        data-testid="ForecastItem_DATE"
                      >
                        2021-01-01
                      </p>
                      <div
                        class="flex items-center justify-between"
                      >
                        <p
                          class="text-3xl font-bold"
                          data-testid="ForecastItem_THE_TEMP"
                        >
                          28°
                        </p>
                        <img
                          alt="Heavy Cloud icon"
                          class="ml-2 w-7 h-7"
                          data-testid="ForecastItem_IMAGE"
                          src="/static/images/weather/hc.svg"
                          title="Heavy Cloud"
                        />
                      </div>
                      <p
                        class="text-sm text-gray-100"
                      >
                        <span
                          data-testid="ForecastItem_MIN_TEMP"
                        >
                          21
                        </span>
                        ° ⇄ 
                        <span
                          data-testid="ForecastItem_MAX_TEMP"
                        >
                          29
                        </span>
                        °
                      </p>
                    </div>
                  </button>
                </div>
                <div
                  class="p-2"
                  data-testid="ForecastList_ITEM"
                >
                  <button
                    class="flex-1 p-4 rounded-lg shadow bg-gradient-to-r from-indigo-500 to-blue-400 hover:from-indigo-400 hover:to-blue-300 focus:from-indigo-400 focus: focus:to-blue-300 focus:ring-4 focus:ring-indigo-200 focus:outline-none"
                    data-testid="ForecastItem_BUTTON"
                    type="button"
                  >
                    <div
                      class="flex flex-col items-center justify-center text-white"
                    >
                      <p
                        class="font-semibold text-gray-100"
                        data-testid="ForecastItem_WEEK_DAY"
                      >
                        Staturday
                      </p>
                      <p
                        class="text-xs text-gray-200"
                        data-testid="ForecastItem_DATE"
                      >
                        2021-01-02
                      </p>
                      <div
                        class="flex items-center justify-between"
                      >
                        <p
                          class="text-3xl font-bold"
                          data-testid="ForecastItem_THE_TEMP"
                        >
                          30°
                        </p>
                        <img
                          alt="Heavy Cloud icon"
                          class="ml-2 w-7 h-7"
                          data-testid="ForecastItem_IMAGE"
                          src="/static/images/weather/hc.svg"
                          title="Heavy Cloud"
                        />
                      </div>
                      <p
                        class="text-sm text-gray-100"
                      >
                        <span
                          data-testid="ForecastItem_MIN_TEMP"
                        >
                          22
                        </span>
                        ° ⇄ 
                        <span
                          data-testid="ForecastItem_MAX_TEMP"
                        >
                          30
                        </span>
                        °
                      </p>
                    </div>
                  </button>
                </div>
                <div
                  class="p-2"
                  data-testid="ForecastList_ITEM"
                >
                  <button
                    class="flex-1 p-4 rounded-lg shadow bg-gradient-to-r from-indigo-500 to-blue-400 hover:from-indigo-400 hover:to-blue-300 focus:from-indigo-400 focus: focus:to-blue-300 focus:ring-4 focus:ring-indigo-200 focus:outline-none"
                    data-testid="ForecastItem_BUTTON"
                    type="button"
                  >
                    <div
                      class="flex flex-col items-center justify-center text-white"
                    >
                      <p
                        class="font-semibold text-gray-100"
                        data-testid="ForecastItem_WEEK_DAY"
                      >
                        Sunday
                      </p>
                      <p
                        class="text-xs text-gray-200"
                        data-testid="ForecastItem_DATE"
                      >
                        2021-01-03
                      </p>
                      <div
                        class="flex items-center justify-between"
                      >
                        <p
                          class="text-3xl font-bold"
                          data-testid="ForecastItem_THE_TEMP"
                        >
                          30°
                        </p>
                        <img
                          alt="Showers icon"
                          class="ml-2 w-7 h-7"
                          data-testid="ForecastItem_IMAGE"
                          src="/static/images/weather/s.svg"
                          title="Showers"
                        />
                      </div>
                      <p
                        class="text-sm text-gray-100"
                      >
                        <span
                          data-testid="ForecastItem_MIN_TEMP"
                        >
                          23
                        </span>
                        ° ⇄ 
                        <span
                          data-testid="ForecastItem_MAX_TEMP"
                        >
                          32
                        </span>
                        °
                      </p>
                    </div>
                  </button>
                </div>
                <div
                  class="p-2"
                  data-testid="ForecastList_ITEM"
                >
                  <button
                    class="flex-1 p-4 rounded-lg shadow bg-gradient-to-r from-indigo-500 to-blue-400 hover:from-indigo-400 hover:to-blue-300 focus:from-indigo-400 focus: focus:to-blue-300 focus:ring-4 focus:ring-indigo-200 focus:outline-none"
                    data-testid="ForecastItem_BUTTON"
                    type="button"
                  >
                    <div
                      class="flex flex-col items-center justify-center text-white"
                    >
                      <p
                        class="font-semibold text-gray-100"
                        data-testid="ForecastItem_WEEK_DAY"
                      >
                        Monday
                      </p>
                      <p
                        class="text-xs text-gray-200"
                        data-testid="ForecastItem_DATE"
                      >
                        2021-01-04
                      </p>
                      <div
                        class="flex items-center justify-between"
                      >
                        <p
                          class="text-3xl font-bold"
                          data-testid="ForecastItem_THE_TEMP"
                        >
                          31°
                        </p>
                        <img
                          alt="Light Rain icon"
                          class="ml-2 w-7 h-7"
                          data-testid="ForecastItem_IMAGE"
                          src="/static/images/weather/lr.svg"
                          title="Light Rain"
                        />
                      </div>
                      <p
                        class="text-sm text-gray-100"
                      >
                        <span
                          data-testid="ForecastItem_MIN_TEMP"
                        >
                          23
                        </span>
                        ° ⇄ 
                        <span
                          data-testid="ForecastItem_MAX_TEMP"
                        >
                          33
                        </span>
                        °
                      </p>
                    </div>
                  </button>
                </div>
                <div
                  class="p-2"
                  data-testid="ForecastList_ITEM"
                >
                  <button
                    class="flex-1 p-4 rounded-lg shadow bg-gradient-to-r from-indigo-500 to-blue-400 hover:from-indigo-400 hover:to-blue-300 focus:from-indigo-400 focus: focus:to-blue-300 focus:ring-4 focus:ring-indigo-200 focus:outline-none"
                    data-testid="ForecastItem_BUTTON"
                    type="button"
                  >
                    <div
                      class="flex flex-col items-center justify-center text-white"
                    >
                      <p
                        class="font-semibold text-gray-100"
                        data-testid="ForecastItem_WEEK_DAY"
                      >
                        Tuesday
                      </p>
                      <p
                        class="text-xs text-gray-200"
                        data-testid="ForecastItem_DATE"
                      >
                        2021-01-05
                      </p>
                      <div
                        class="flex items-center justify-between"
                      >
                        <p
                          class="text-3xl font-bold"
                          data-testid="ForecastItem_THE_TEMP"
                        >
                          28°
                        </p>
                        <img
                          alt="Heavy Rain icon"
                          class="ml-2 w-7 h-7"
                          data-testid="ForecastItem_IMAGE"
                          src="/static/images/weather/hr.svg"
                          title="Heavy Rain"
                        />
                      </div>
                      <p
                        class="text-sm text-gray-100"
                      >
                        <span
                          data-testid="ForecastItem_MIN_TEMP"
                        >
                          24
                        </span>
                        ° ⇄ 
                        <span
                          data-testid="ForecastItem_MAX_TEMP"
                        >
                          31
                        </span>
                        °
                      </p>
                    </div>
                  </button>
                </div>
                <div
                  class="p-2"
                  data-testid="ForecastList_ITEM"
                >
                  <button
                    class="flex-1 p-4 rounded-lg shadow bg-gradient-to-r from-indigo-500 to-blue-400 hover:from-indigo-400 hover:to-blue-300 focus:from-indigo-400 focus: focus:to-blue-300 focus:ring-4 focus:ring-indigo-200 focus:outline-none"
                    data-testid="ForecastItem_BUTTON"
                    type="button"
                  >
                    <div
                      class="flex flex-col items-center justify-center text-white"
                    >
                      <p
                        class="font-semibold text-gray-100"
                        data-testid="ForecastItem_WEEK_DAY"
                      >
                        Wednesday
                      </p>
                      <p
                        class="text-xs text-gray-200"
                        data-testid="ForecastItem_DATE"
                      >
                        2021-01-06
                      </p>
                      <div
                        class="flex items-center justify-between"
                      >
                        <p
                          class="text-3xl font-bold"
                          data-testid="ForecastItem_THE_TEMP"
                        >
                          30°
                        </p>
                        <img
                          alt="Heavy Rain icon"
                          class="ml-2 w-7 h-7"
                          data-testid="ForecastItem_IMAGE"
                          src="/static/images/weather/hr.svg"
                          title="Heavy Rain"
                        />
                      </div>
                      <p
                        class="text-sm text-gray-100"
                      >
                        <span
                          data-testid="ForecastItem_MIN_TEMP"
                        >
                          24
                        </span>
                        ° ⇄ 
                        <span
                          data-testid="ForecastItem_MAX_TEMP"
                        >
                          33
                        </span>
                        °
                      </p>
                    </div>
                  </button>
                </div>
              </div>
            </div>
          </div>
          <footer
            class="px-4 py-4 sm:px-6"
          >
            <div
              class="flex items-center justify-between"
            >
              <div
                class="font-mono text-sm font-semibold"
              >
                NAB Assignment by Andy Nguyen with ❤️
              </div>
              <div
                class="flex"
              >
                <a
                  class="mr-4 text-gray-400 hover:text-gray-500"
                  href="https://twitter.com/annguyenhieuduc"
                  rel="noreferrer"
                  target="_blank"
                >
                  <span
                    class="sr-only"
                  >
                    Twitter
                  </span>
                  <svg
                    class="w-6 h-6"
                  >
                    twitter.svg
                  </svg>
                </a>
                <a
                  class="text-gray-400 hover:text-gray-500"
                  href="https://github.com/andy3520/andy-nab-weather"
                  rel="noreferrer"
                  target="_blank"
                >
                  <span
                    class="sr-only"
                  >
                    GitHub
                  </span>
                  <svg
                    class="w-6 h-6"
                  >
                    github.svg
                  </svg>
                </a>
              </div>
            </div>
          </footer>
        </div>
      </div>
    </div>
  </div>
</DocumentFragment>
`;
